Microchip MPLAB XC8 Compiler V1.31 ()

Linker command line:

--edf=C:\Program Files\Microchip\xc8\v1.31\dat\en_msgs.txt -cs \
  -h+dist/default/production\xsLCD.X.production.sym \
  --cmf=dist/default/production\xsLCD.X.production.cmf -z -Q16F877A \
  -oC:\Users\Abdullah\AppData\Local\Temp\s58k.6 \
  -Mdist/default/production/xsLCD.X.production.map -E1 -ver=XC8 \
  -ASTACK=0110h-016fh -pstack=STACK -ACONST=00h-0FFhx32 -ACODE=00h-07FFhx4 \
  -ASTRCODE=00h-01FFFh -AENTRY=00h-0FFhx32 -ASTRING=00h-0FFhx32 \
  -ACOMMON=070h-07Fh -ABANK0=020h-06Fh -ABANK1=0A0h-0EFh \
  -ABANK2=0110h-016Fh -ABANK3=0190h-01EFh \
  -ARAM=020h-06Fh,0A0h-0EFh,0110h-016Fh,0190h-01EFh \
  -AABS1=020h-07Fh,0A0h-0EFh,0110h-016Fh,0190h-01EFh -ASFR0=00h-01Fh \
  -ASFR1=080h-09Fh -ASFR2=0100h-010Fh -ASFR3=0180h-018Fh \
  -preset_vec=00h,intentry,init,end_init -ppowerup=CODE -pcinit=CODE \
  -pfunctab=CODE -ACONFIG=02007h-02007h -pconfig=CONFIG -DCONFIG=2 \
  -AIDLOC=02000h-02003h -pidloc=IDLOC -DIDLOC=2 -AEEDATA=00h-0FFh/02100h \
  -peeprom_data=EEDATA -DEEDATA=2 -DCODE=2 -DSTRCODE=2 -DSTRING=2 -DCONST=2 \
  -DENTRY=2 -k C:\Users\Abdullah\AppData\Local\Temp\s58k.obj \
  dist/default/production\xsLCD.X.production.obj 

Object code version is 3.11

Machine type is 16F877A



                Name                               Link     Load   Length Selector   Space Scale
C:\Users\Abdullah\AppData\Local\Temp\s58k.obj
                end_init                              0        0        3        0       0
                config                             2007     2007        1     400E       0
dist/default/production\xsLCD.X.production.obj
                cinit                               7EF      7EF       11      FDE       0
                text7                               6AC      6AC        5      D58       0
                text6                               76D      76D       39      EDA       0
                text5                               7A6      7A6       49      F4C       0
                text4                               710      710       2A      E20       0
                text3                               73A      73A       33      E74       0
                text2                               6EA      6EA       26      DD4       0
                text1                               6B1      6B1        5      D62       0
                maintext                            6CF      6CF       1B      D9E       0
                cstackBANK0                          28       28        4       20       1
                cstackCOMMON                         70       70        D       70       1
                inittext                            6BE      6BE       11      D7C       0
                dataBANK0                            20       20        8       20       1
                bssCOMMON                            7D       7D        1       70       1
                strings                               3        3       13        6       0
                idataBANK0                          6B6      6B6        8      D6C       0

TOTAL           Name                               Link     Load   Length     Space
        CLASS   STACK          

        CLASS   CONST          

        CLASS   CODE           
                end_init                              0        0        3         0
                cinit                               7EF      7EF       11         0
                text7                               6AC      6AC        5         0
                text6                               76D      76D       39         0
                text5                               7A6      7A6       49         0
                text4                               710      710       2A         0
                text3                               73A      73A       33         0
                text2                               6EA      6EA       26         0
                text1                               6B1      6B1        5         0
                maintext                            6CF      6CF       1B         0
                inittext                            6BE      6BE       11         0
                idataBANK0                          6B6      6B6        8         0

        CLASS   STRCODE        

        CLASS   ENTRY          

        CLASS   STRING         
                strings                               3        3       13         0

        CLASS   COMMON         
                cstackCOMMON                         70       70        D         1
                bssCOMMON                            7D       7D        1         1

        CLASS   BANK0          
                cstackBANK0                          28       28        4         1
                dataBANK0                            20       20        8         1

        CLASS   BANK1          

        CLASS   BANK2          

        CLASS   BANK3          

        CLASS   RAM            

        CLASS   ABS1           
                abs_s1                               7E       7E        2         1

        CLASS   SFR0           

        CLASS   SFR1           

        CLASS   SFR2           

        CLASS   SFR3           

        CLASS   CONFIG         
                config                             2007     2007        1         0

        CLASS   IDLOC          

        CLASS   EEDATA         



SEGMENTS        Name                           Load    Length   Top    Selector   Space  Class     Delta

                reset_vec                      000000  000003  000003         0       0  CODE        2
                strings                        000003  000013  000016         6       0  STRING      2
                dataBANK0                      000020  00000C  00002C        20       1  BANK0       1
                cstackCOMMON                   000070  00000E  00007E        70       1  COMMON      1
                text7                          0006AC  000005  0006B1       D58       0  CODE        2
                text1                          0006B1  000005  0006B6       D62       0  CODE        2
                idataBANK0                     0006B6  000008  0006BE       D6C       0  CODE        2
                inittext                       0006BE  000011  0006CF       D7C       0  CODE        2
                maintext                       0006CF  00001B  0006EA       D9E       0  CODE        2
                text2                          0006EA  000026  000710       DD4       0  CODE        2
                text4                          000710  00002A  00073A       E20       0  CODE        2
                text3                          00073A  000033  00076D       E74       0  CODE        2
                text6                          00076D  000039  0007A6       EDA       0  CODE        2
                text5                          0007A6  000049  0007EF       F4C       0  CODE        2
                cinit                          0007EF  000011  000800       FDE       0  CODE        2
                config                         002007  000001  002008      400E       0  CONFIG      2


UNUSED ADDRESS RANGES

        Name                Unused          Largest block    Delta
        BANK0            002C-006F             44           1
        BANK1            00A0-00EF             50           1
        BANK2            0110-016F             60           1
        BANK3            0190-01EF             60           1
        CODE             0016-06AB            696           2
                         0800-1FFF            800
        CONST            0016-06AB            100           2
                         0800-1FFF            100
        EEDATA           2100-21FF            100           2
        ENTRY            0016-06AB            100           2
                         0800-1FFF            100
        IDLOC            2000-2003              4           2
        RAM              002C-006F             44           1
                         00A0-00EF             50
                         0110-016F             60
                         0190-01EF             60
        SFR0             0000-001F             20           1
        SFR1             0080-009F             20           1
        SFR2             0100-010F             10           1
        SFR3             0180-018F             10           1
        STACK            0110-016F             60           1
        STRCODE          0016-06AB            696           2
                         0800-1FFF           1800
        STRING           0016-06AB            100           2
                         0800-1FFF            100

                                  Symbol Table

_ADCON1                  (abs)        009F
_PORTAbits               (abs)        0005
_PORTD                   (abs)        0008
_TRISAbits               (abs)        0085
_TRISD                   (abs)        0088
__CFG_BOREN$OFF          (abs)        0000
__CFG_CP$OFF             (abs)        0000
__CFG_CPD$OFF            (abs)        0000
__CFG_FOSC$XT            (abs)        0000
__CFG_LVP$OFF            (abs)        0000
__CFG_PWRTE$ON           (abs)        0000
__CFG_WDTE$OFF           (abs)        0000
__CFG_WRT$OFF            (abs)        0000
__Habs1                  abs1         0000
__Hbank0                 bank0        0000
__Hbank1                 bank1        0000
__Hbank2                 bank2        0000
__Hbank3                 bank3        0000
__HbssCOMMON             bssCOMMON    0000
__Hcinit                 cinit        0800
__Hclrtext               clrtext      0000
__Hcode                  code         0000
__Hcommon                common       0000
__Hconfig                config       2008
__HcstackBANK0           cstackBANK0  0000
__HcstackCOMMON          cstackCOMMON 0000
__HdataBANK0             dataBANK0    0000
__Heeprom_data           eeprom_data  0000
__Hend_init              end_init     0003
__Hfunctab               functab      0000
__HidataBANK0            idataBANK0   0000
__Hidloc                 idloc        0000
__Hinit                  init         0000
__Hinittext              inittext     0000
__Hintentry              intentry     0000
__Hmaintext              maintext     0000
__Hpowerup               powerup      0000
__Hram                   ram          0000
__Hreset_vec             reset_vec    0000
__Hsfr0                  sfr0         0000
__Hsfr1                  sfr1         0000
__Hsfr2                  sfr2         0000
__Hsfr3                  sfr3         0000
__Hstack                 stack        0000
__Hstrings               strings      0000
__Htext                  text         0000
__Labs1                  abs1         0000
__Lbank0                 bank0        0000
__Lbank1                 bank1        0000
__Lbank2                 bank2        0000
__Lbank3                 bank3        0000
__LbssCOMMON             bssCOMMON    0000
__Lcinit                 cinit        07EF
__Lclrtext               clrtext      0000
__Lcode                  code         0000
__Lcommon                common       0000
__Lconfig                config       2007
__LcstackBANK0           cstackBANK0  0000
__LcstackCOMMON          cstackCOMMON 0000
__LdataBANK0             dataBANK0    0000
__Leeprom_data           eeprom_data  0000
__Lend_init              end_init     0000
__Lfunctab               functab      0000
__LidataBANK0            idataBANK0   0000
__Lidloc                 idloc        0000
__Linit                  init         0000
__Linittext              inittext     0000
__Lintentry              intentry     0000
__Lmaintext              maintext     0000
__Lpowerup               powerup      0000
__Lram                   ram          0000
__Lreset_vec             reset_vec    0000
__Lsfr0                  sfr0         0000
__Lsfr1                  sfr1         0000
__Lsfr2                  sfr2         0000
__Lsfr3                  sfr3         0000
__Lstack                 stack        0000
__Lstrings               strings      0000
__Ltext                  text         0000
__S0                     (abs)        2008
__S1                     (abs)        007E
__S2                     (abs)        0000
__S3                     (abs)        0000
___int_sp                stack        0000
___latbits               (abs)        0002
___sp                    stack        0000
__end_of__initialization cinit        07FC
__end_of__stringdata     strings      0016
__end_of__stringtab      strings      0009
__end_of_lcd_baslat      text5        07EF
__end_of_lcd_git         text4        073A
__end_of_lcd_harfyaz     text3        076D
__end_of_lcd_komut       text6        07A6
__end_of_lcd_mesajyaz    text2        0710
__end_of_lcd_mesgulmu    text7        06B1
__end_of_lcd_sil         text1        06B6
__end_of_main            maintext     06EA
__initialization         cinit        07EF
__pbssCOMMON             bssCOMMON    007D
__pcstackBANK0           cstackBANK0  0028
__pcstackCOMMON          cstackCOMMON 0070
__pdataBANK0             dataBANK0    0020
__pidataBANK0            idataBANK0   06B6
__pmaintext              maintext     06CF
__pstrings               strings      0003
__ptext1                 text1        06B1
__ptext2                 text2        06EA
__ptext3                 text3        073A
__ptext4                 text4        0710
__ptext5                 text5        07A6
__ptext6                 text6        076D
__ptext7                 text7        06AC
__size_of_lcd_baslat     (abs)        0000
__size_of_lcd_git        (abs)        0000
__size_of_lcd_harfyaz    (abs)        0000
__size_of_lcd_komut      (abs)        0000
__size_of_lcd_mesajyaz   (abs)        0000
__size_of_lcd_mesgulmu   (abs)        0000
__size_of_lcd_sil        (abs)        0000
__size_of_main           (abs)        0000
__stringbase             strings      0008
__stringdata             strings      0009
__stringtab              strings      0003
_display_kursor_blink    bssCOMMON    007D
_kalp                    dataBANK0    0020
_lcd_baslat              text5        07A6
_lcd_git                 text4        0710
_lcd_harfyaz             text3        073A
_lcd_komut               text6        076D
_lcd_mesajyaz            text2        06EA
_lcd_mesgulmu            text7        06AC
_lcd_sil                 text1        06B1
_main                    maintext     06CF
btemp                    (abs)        007E
end_of_initialization    cinit        07FC
init_fetch0              inittext     06BE
init_ram0                inittext     06C2
intlevel0                functab      0000
intlevel1                functab      0000
intlevel2                functab      0000
intlevel3                functab      0000
intlevel4                functab      0000
intlevel5                functab      0000
lcd_git@satir            cstackCOMMON 0076
lcd_git@sutun            cstackCOMMON 0074
lcd_git@temp             cstackCOMMON 0077
lcd_harfyaz@harf         cstackCOMMON 0072
lcd_komut@komut          cstackCOMMON 0073
lcd_mesajyaz@mesaj       cstackCOMMON 0079
lcd_mesajyaz@satir       cstackCOMMON 007B
lcd_mesajyaz@sutun       cstackCOMMON 0078
ltemp                    (abs)        007E
ltemp0                   (abs)        007E
ltemp1                   (abs)        0082
ltemp2                   (abs)        0086
ltemp3                   (abs)        0080
reset_vec                reset_vec    0000
stackhi                  (abs)        0000
stacklo                  (abs)        0000
start                    init         0000
start_initialization     cinit        07EF
ttemp                    (abs)        007E
ttemp0                   (abs)        007E
ttemp1                   (abs)        0081
ttemp2                   (abs)        0084
ttemp3                   (abs)        0087
ttemp4                   (abs)        007F
wtemp                    (abs)        007E
wtemp0                   (abs)        007E
wtemp1                   (abs)        0080
wtemp2                   (abs)        0082
wtemp3                   (abs)        0084
wtemp4                   (abs)        0086
wtemp5                   (abs)        0088
wtemp6                   (abs)        007F


FUNCTION INFORMATION:

 *************** function _main *****************
 Defined at:
		line 39 in file "main.c"
 Parameters:    Size  Location     Type
  argc            2    0[BANK0 ] int 
  argv            2    2[BANK0 ] PTR PTR unsigned char 
 Auto vars:     Size  Location     Type
  i               2    0        int 
 Return value:  Size  Location     Type
		None               void
 Registers used:
		wreg, fsr0l, fsr0h, status,2, status,0, pclath, cstack
 Tracked objects:
		On entry : 
		On exit  : 
		Unchanged: 
 Data sizes:     COMMON   BANK0   BANK1   BANK3   BANK2
      Params:         0       4       0       0       0
      Locals:         0       0       0       0       0
      Temps:          1       0       0       0       0
      Totals:         1       4       0       0       0
Total ram usage:        5 bytes
 Hardware stack levels required when called:    4
 This function calls:
		_lcd_baslat
		_lcd_mesajyaz
		_lcd_sil
 This function is called by:
		Startup code after reset
 This function uses a non-reentrant model


 *************** function _lcd_sil *****************
 Defined at:
		line 413 in file "xsLCD.c"
 Parameters:    Size  Location     Type
		None
 Auto vars:     Size  Location     Type
		None
 Return value:  Size  Location     Type
		None               void
 Registers used:
		wreg, status,2, status,0, pclath, cstack
 Tracked objects:
		On entry : 
		On exit  : 
		Unchanged: 
 Data sizes:     COMMON   BANK0   BANK1   BANK3   BANK2
      Params:         0       0       0       0       0
      Locals:         0       0       0       0       0
      Temps:          0       0       0       0       0
      Totals:         0       0       0       0       0
Total ram usage:        0 bytes
 Hardware stack levels used:    1
 Hardware stack levels required when called:    2
 This function calls:
		_lcd_komut
 This function is called by:
		_main
 This function uses a non-reentrant model


 *************** function _lcd_mesajyaz *****************
 Defined at:
		line 124 in file "xsLCD.c"
 Parameters:    Size  Location     Type
  satir           1    wreg     unsigned char 
  sutun           1    8[COMMON] unsigned char 
  mesaj           1    9[COMMON] PTR const unsigned char 
		 -> STR_1(13), 
 Auto vars:     Size  Location     Type
  satir           1   11[COMMON] unsigned char 
 Return value:  Size  Location     Type
		None               void
 Registers used:
		wreg, fsr0l, fsr0h, status,2, status,0, pclath, cstack
 Tracked objects:
		On entry : 
		On exit  : 
		Unchanged: 
 Data sizes:     COMMON   BANK0   BANK1   BANK3   BANK2
      Params:         2       0       0       0       0
      Locals:         1       0       0       0       0
      Temps:          1       0       0       0       0
      Totals:         4       0       0       0       0
Total ram usage:        4 bytes
 Hardware stack levels used:    1
 Hardware stack levels required when called:    3
 This function calls:
		_lcd_git
		_lcd_harfyaz
 This function is called by:
		_main
 This function uses a non-reentrant model


 *************** function _lcd_harfyaz *****************
 Defined at:
		line 236 in file "xsLCD.c"
 Parameters:    Size  Location     Type
  harf            1    wreg     unsigned char 
 Auto vars:     Size  Location     Type
  harf            1    2[COMMON] unsigned char 
 Return value:  Size  Location     Type
		None               void
 Registers used:
		wreg, status,2, status,0, pclath, cstack
 Tracked objects:
		On entry : 
		On exit  : 
		Unchanged: 
 Data sizes:     COMMON   BANK0   BANK1   BANK3   BANK2
      Params:         0       0       0       0       0
      Locals:         1       0       0       0       0
      Temps:          1       0       0       0       0
      Totals:         2       0       0       0       0
Total ram usage:        2 bytes
 Hardware stack levels used:    1
 Hardware stack levels required when called:    1
 This function calls:
		_lcd_mesgulmu
 This function is called by:
		_lcd_mesajyaz
		_lcd_mesajyaz_cp
		_lcd_ozelkarakter
 This function uses a non-reentrant model


 *************** function _lcd_git *****************
 Defined at:
		line 98 in file "xsLCD.c"
 Parameters:    Size  Location     Type
  satir           1    wreg     unsigned char 
  sutun           1    4[COMMON] unsigned char 
 Auto vars:     Size  Location     Type
  satir           1    6[COMMON] unsigned char 
  temp            1    7[COMMON] unsigned char 
 Return value:  Size  Location     Type
		None               void
 Registers used:
		wreg, fsr0l, fsr0h, status,2, status,0, pclath, cstack
 Tracked objects:
		On entry : 
		On exit  : 
		Unchanged: 
 Data sizes:     COMMON   BANK0   BANK1   BANK3   BANK2
      Params:         1       0       0       0       0
      Locals:         2       0       0       0       0
      Temps:          1       0       0       0       0
      Totals:         4       0       0       0       0
Total ram usage:        4 bytes
 Hardware stack levels used:    1
 Hardware stack levels required when called:    2
 This function calls:
		_lcd_komut
 This function is called by:
		_lcd_mesajyaz
 This function uses a non-reentrant model


 *************** function _lcd_baslat *****************
 Defined at:
		line 56 in file "xsLCD.c"
 Parameters:    Size  Location     Type
		None
 Auto vars:     Size  Location     Type
		None
 Return value:  Size  Location     Type
		None               void
 Registers used:
		wreg, status,2, status,0, pclath, cstack
 Tracked objects:
		On entry : 
		On exit  : 
		Unchanged: 
 Data sizes:     COMMON   BANK0   BANK1   BANK3   BANK2
      Params:         0       0       0       0       0
      Locals:         0       0       0       0       0
      Temps:          2       0       0       0       0
      Totals:         2       0       0       0       0
Total ram usage:        2 bytes
 Hardware stack levels used:    1
 Hardware stack levels required when called:    2
 This function calls:
		_lcd_komut
 This function is called by:
		_main
 This function uses a non-reentrant model


 *************** function _lcd_komut *****************
 Defined at:
		line 364 in file "xsLCD.c"
 Parameters:    Size  Location     Type
  komut           1    wreg     unsigned char 
 Auto vars:     Size  Location     Type
  komut           1    3[COMMON] unsigned char 
 Return value:  Size  Location     Type
		None               void
 Registers used:
		wreg, status,2, status,0, pclath, cstack
 Tracked objects:
		On entry : 
		On exit  : 
		Unchanged: 
 Data sizes:     COMMON   BANK0   BANK1   BANK3   BANK2
      Params:         0       0       0       0       0
      Locals:         1       0       0       0       0
      Temps:          2       0       0       0       0
      Totals:         3       0       0       0       0
Total ram usage:        3 bytes
 Hardware stack levels used:    1
 Hardware stack levels required when called:    1
 This function calls:
		_lcd_mesgulmu
 This function is called by:
		_lcd_baslat
		_lcd_git
		_lcd_sil
		_lcd_ozelkarakter
		_lcd_satirbasi
		_lcd_kursor_ac
		_lcd_kursor_kapat
		_lcd_display_ac
		_lcd_display_kapat
		_lcd_blink_ac
		_lcd_blink_kapat
		_lcd_sola_kaydir
		_lcd_saga_kaydir
		_lcd_satir1
		_lcd_satir2
		_lcd_satir3
		_lcd_satir4
 This function uses a non-reentrant model


 *************** function _lcd_mesgulmu *****************
 Defined at:
		line 209 in file "xsLCD.c"
 Parameters:    Size  Location     Type
		None
 Auto vars:     Size  Location     Type
		None
 Return value:  Size  Location     Type
		None               void
 Registers used:
		wreg
 Tracked objects:
		On entry : 
		On exit  : 
		Unchanged: 
 Data sizes:     COMMON   BANK0   BANK1   BANK3   BANK2
      Params:         0       0       0       0       0
      Locals:         0       0       0       0       0
      Temps:          1       0       0       0       0
      Totals:         1       0       0       0       0
Total ram usage:        1 bytes
 Hardware stack levels used:    1
 This function calls:
		Nothing
 This function is called by:
		_lcd_harfyaz
		_lcd_komut
 This function uses a non-reentrant model



MODULE INFORMATION

Module		Function		Class		Link	Load	Size
shared
		__stringtab    		STRING         	0003	0000	6
		__stringdata   		STRING         	0009	0000	13
		__initializatio		CODE           	07EF	0000	13

shared estimated size: 32

main.c
		_main          		CODE           	06CF	0000	27

main.c estimated size: 27

xsLCD.c
		_lcd_sil       		CODE           	06B1	0000	5
		_lcd_baslat    		CODE           	07A6	0000	73
		_lcd_komut     		CODE           	076D	0000	57
		_lcd_git       		CODE           	0710	0000	42
		_lcd_mesgulmu  		CODE           	06AC	0000	5
		_lcd_mesajyaz  		CODE           	06EA	0000	38
		_lcd_harfyaz   		CODE           	073A	0000	51

xsLCD.c estimated size: 271

