Microchip MPLAB XC8 Compiler V1.31 ()

Linker command line:

--edf=C:\Program Files\Microchip\xc8\v1.31\dat\en_msgs.txt -cs \
  -h+dist/default/production\xsLCD.X.production.sym \
  --cmf=dist/default/production\xsLCD.X.production.cmf -z -Q16F877A \
  -oC:\Users\Abdullah\AppData\Local\Temp\s25o.6 \
  -Mdist/default/production/xsLCD.X.production.map -E1 -ver=XC8 \
  -ASTACK=0110h-016fh -pstack=STACK -ACONST=00h-0FFhx32 -ACODE=00h-07FFhx4 \
  -ASTRCODE=00h-01FFFh -AENTRY=00h-0FFhx32 -ASTRING=00h-0FFhx32 \
  -ACOMMON=070h-07Fh -ABANK0=020h-06Fh -ABANK1=0A0h-0EFh \
  -ABANK2=0110h-016Fh -ABANK3=0190h-01EFh \
  -ARAM=020h-06Fh,0A0h-0EFh,0110h-016Fh,0190h-01EFh \
  -AABS1=020h-07Fh,0A0h-0EFh,0110h-016Fh,0190h-01EFh -ASFR0=00h-01Fh \
  -ASFR1=080h-09Fh -ASFR2=0100h-010Fh -ASFR3=0180h-018Fh \
  -preset_vec=00h,intentry,init,end_init -ppowerup=CODE -pcinit=CODE \
  -pfunctab=CODE -ACONFIG=02007h-02007h -pconfig=CONFIG -DCONFIG=2 \
  -AIDLOC=02000h-02003h -pidloc=IDLOC -DIDLOC=2 -AEEDATA=00h-0FFh/02100h \
  -peeprom_data=EEDATA -DEEDATA=2 -DCODE=2 -DSTRCODE=2 -DSTRING=2 -DCONST=2 \
  -DENTRY=2 -k C:\Users\Abdullah\AppData\Local\Temp\s25o.obj \
  dist/default/production\xsLCD.X.production.obj 

Object code version is 3.11

Machine type is 16F877A



                Name                               Link     Load   Length Selector   Space Scale
C:\Users\Abdullah\AppData\Local\Temp\s25o.obj
                end_init                              0        0        3        0       0
                config                             2007     2007        1     400E       0
dist/default/production\xsLCD.X.production.obj
                cinit                               7EF      7EF       11      FDE       0
                text12                              5DB      5DB       27      BB6       0
                text11                              692      692       3A      D24       0
                text10                              6CC      6CC       4D      D98       0
                text9                               602      602       2A      C04       0
                text8                               65E      65E       34      CBC       0
                text7                               5B5      5B5       26      B6A       0
                text6                               599      599       1C      B32       0
                text5                               56C      56C        5      AD8       0
                text4                               62C      62C       32      C58       0
                text3                               571      571        5      AE2       0
                text2                               576      576        5      AEC       0
                text1                               57B      57B        5      AF6       0
                maintext                            719      719       D6      E32       0
                cstackBANK0                          28       28        7       20       1
                cstackCOMMON                         70       70        E       70       1
                inittext                            588      588       11      B10       0
                dataBANK0                            20       20        8       20       1
                bssBANK0                             2F       2F        1       20       1
                strings                               3        3       22        6       0
                idataBANK0                          580      580        8      B00       0

TOTAL           Name                               Link     Load   Length     Space
        CLASS   STACK          

        CLASS   CONST          

        CLASS   CODE           
                end_init                              0        0        3         0
                cinit                               7EF      7EF       11         0
                text12                              5DB      5DB       27         0
                text11                              692      692       3A         0
                text10                              6CC      6CC       4D         0
                text9                               602      602       2A         0
                text8                               65E      65E       34         0
                text7                               5B5      5B5       26         0
                text6                               599      599       1C         0
                text5                               56C      56C        5         0
                text4                               62C      62C       32         0
                text3                               571      571        5         0
                text2                               576      576        5         0
                text1                               57B      57B        5         0
                maintext                            719      719       D6         0
                inittext                            588      588       11         0
                idataBANK0                          580      580        8         0

        CLASS   STRCODE        

        CLASS   ENTRY          

        CLASS   STRING         
                strings                               3        3       22         0

        CLASS   COMMON         
                cstackCOMMON                         70       70        E         1

        CLASS   BANK0          
                cstackBANK0                          28       28        7         1
                dataBANK0                            20       20        8         1
                bssBANK0                             2F       2F        1         1

        CLASS   BANK1          

        CLASS   BANK2          

        CLASS   BANK3          

        CLASS   RAM            

        CLASS   ABS1           
                abs_s1                               7E       7E        2         1

        CLASS   SFR0           

        CLASS   SFR1           

        CLASS   SFR2           

        CLASS   SFR3           

        CLASS   CONFIG         
                config                             2007     2007        1         0

        CLASS   IDLOC          

        CLASS   EEDATA         



SEGMENTS        Name                           Load    Length   Top    Selector   Space  Class     Delta

                reset_vec                      000000  000003  000003         0       0  CODE        2
                strings                        000003  000022  000025         6       0  STRING      2
                dataBANK0                      000020  000010  000030        20       1  BANK0       1
                cstackCOMMON                   000070  00000E  00007E        70       1  COMMON      1
                text5                          00056C  000005  000571       AD8       0  CODE        2
                text3                          000571  000005  000576       AE2       0  CODE        2
                text2                          000576  000005  00057B       AEC       0  CODE        2
                text1                          00057B  000005  000580       AF6       0  CODE        2
                idataBANK0                     000580  000008  000588       B00       0  CODE        2
                inittext                       000588  000011  000599       B10       0  CODE        2
                text6                          000599  00001C  0005B5       B32       0  CODE        2
                text7                          0005B5  000026  0005DB       B6A       0  CODE        2
                text12                         0005DB  000027  000602       BB6       0  CODE        2
                text9                          000602  00002A  00062C       C04       0  CODE        2
                text4                          00062C  000032  00065E       C58       0  CODE        2
                text8                          00065E  000034  000692       CBC       0  CODE        2
                text11                         000692  00003A  0006CC       D24       0  CODE        2
                text10                         0006CC  00004D  000719       D98       0  CODE        2
                maintext                       000719  0000D6  0007EF       E32       0  CODE        2
                cinit                          0007EF  000011  000800       FDE       0  CODE        2
                config                         002007  000001  002008      400E       0  CONFIG      2


UNUSED ADDRESS RANGES

        Name                Unused          Largest block    Delta
        BANK0            0030-006F             40           1
        BANK1            00A0-00EF             50           1
        BANK2            0110-016F             60           1
        BANK3            0190-01EF             60           1
        CODE             0025-056B            547           2
                         0800-1FFF            800
        CONST            0025-056B            100           2
                         0800-1FFF            100
        EEDATA           2100-21FF            100           2
        ENTRY            0025-056B            100           2
                         0800-1FFF            100
        IDLOC            2000-2003              4           2
        RAM              0030-006F             40           1
                         00A0-00EF             50
                         0110-016F             60
                         0190-01EF             60
        SFR0             0000-001F             20           1
        SFR1             0080-009F             20           1
        SFR2             0100-010F             10           1
        SFR3             0180-018F             10           1
        STACK            0110-016F             60           1
        STRCODE          0025-056B            547           2
                         0800-1FFF           1800
        STRING           0025-056B            100           2
                         0800-1FFF            100

                                  Symbol Table

_ADCON1                     (abs)        009F
_PORTAbits                  (abs)        0005
_PORTD                      (abs)        0008
_TRISAbits                  (abs)        0085
_TRISD                      (abs)        0088
__CFG_BOREN$OFF             (abs)        0000
__CFG_CP$OFF                (abs)        0000
__CFG_CPD$OFF               (abs)        0000
__CFG_FOSC$XT               (abs)        0000
__CFG_LVP$OFF               (abs)        0000
__CFG_PWRTE$ON              (abs)        0000
__CFG_WDTE$OFF              (abs)        0000
__CFG_WRT$OFF               (abs)        0000
__Habs1                     abs1         0000
__Hbank0                    bank0        0000
__Hbank1                    bank1        0000
__Hbank2                    bank2        0000
__Hbank3                    bank3        0000
__HbssBANK0                 bssBANK0     0000
__Hcinit                    cinit        0800
__Hclrtext                  clrtext      0000
__Hcode                     code         0000
__Hcommon                   common       0000
__Hconfig                   config       2008
__HcstackBANK0              cstackBANK0  0000
__HcstackCOMMON             cstackCOMMON 0000
__HdataBANK0                dataBANK0    0000
__Heeprom_data              eeprom_data  0000
__Hend_init                 end_init     0003
__Hfunctab                  functab      0000
__HidataBANK0               idataBANK0   0000
__Hidloc                    idloc        0000
__Hinit                     init         0000
__Hinittext                 inittext     0000
__Hintentry                 intentry     0000
__Hmaintext                 maintext     0000
__Hpowerup                  powerup      0000
__Hram                      ram          0000
__Hreset_vec                reset_vec    0000
__Hsfr0                     sfr0         0000
__Hsfr1                     sfr1         0000
__Hsfr2                     sfr2         0000
__Hsfr3                     sfr3         0000
__Hstack                    stack        0000
__Hstrings                  strings      0000
__Htext                     text         0000
__Labs1                     abs1         0000
__Lbank0                    bank0        0000
__Lbank1                    bank1        0000
__Lbank2                    bank2        0000
__Lbank3                    bank3        0000
__LbssBANK0                 bssBANK0     0000
__Lcinit                    cinit        07EF
__Lclrtext                  clrtext      0000
__Lcode                     code         0000
__Lcommon                   common       0000
__Lconfig                   config       2007
__LcstackBANK0              cstackBANK0  0000
__LcstackCOMMON             cstackCOMMON 0000
__LdataBANK0                dataBANK0    0000
__Leeprom_data              eeprom_data  0000
__Lend_init                 end_init     0000
__Lfunctab                  functab      0000
__LidataBANK0               idataBANK0   0000
__Lidloc                    idloc        0000
__Linit                     init         0000
__Linittext                 inittext     0000
__Lintentry                 intentry     0000
__Lmaintext                 maintext     0000
__Lpowerup                  powerup      0000
__Lram                      ram          0000
__Lreset_vec                reset_vec    0000
__Lsfr0                     sfr0         0000
__Lsfr1                     sfr1         0000
__Lsfr2                     sfr2         0000
__Lsfr3                     sfr3         0000
__Lstack                    stack        0000
__Lstrings                  strings      0000
__Ltext                     text         0000
__S0                        (abs)        2008
__S1                        (abs)        007E
__S2                        (abs)        0000
__S3                        (abs)        0000
___int_sp                   stack        0000
___latbits                  (abs)        0002
___sp                       stack        0000
__end_of__initialization    cinit        07FC
__end_of__stringdata        strings      0025
__end_of__stringtab         strings      0009
__end_of_lcd_baslat         text10       0719
__end_of_lcd_git            text9        062C
__end_of_lcd_harfyaz        text8        0692
__end_of_lcd_komut          text11       06CC
__end_of_lcd_mesajyaz       text7        05DB
__end_of_lcd_mesajyaz_cp    text6        05B5
__end_of_lcd_mesgulmu       text12       0602
__end_of_lcd_ozelkarakter   text4        065E
__end_of_lcd_saga_kaydir    text3        0576
__end_of_lcd_satirbasi      text5        0571
__end_of_lcd_sil            text2        057B
__end_of_lcd_sola_kaydir    text1        0580
__end_of_main               maintext     07EF
__initialization            cinit        07EF
__pbssBANK0                 bssBANK0     002F
__pcstackBANK0              cstackBANK0  0028
__pcstackCOMMON             cstackCOMMON 0070
__pdataBANK0                dataBANK0    0020
__pidataBANK0               idataBANK0   0580
__pmaintext                 maintext     0719
__pstrings                  strings      0003
__ptext1                    text1        057B
__ptext10                   text10       06CC
__ptext11                   text11       0692
__ptext12                   text12       05DB
__ptext2                    text2        0576
__ptext3                    text3        0571
__ptext4                    text4        062C
__ptext5                    text5        056C
__ptext6                    text6        0599
__ptext7                    text7        05B5
__ptext8                    text8        065E
__ptext9                    text9        0602
__size_of_lcd_baslat        (abs)        0000
__size_of_lcd_git           (abs)        0000
__size_of_lcd_harfyaz       (abs)        0000
__size_of_lcd_komut         (abs)        0000
__size_of_lcd_mesajyaz      (abs)        0000
__size_of_lcd_mesajyaz_cp   (abs)        0000
__size_of_lcd_mesgulmu      (abs)        0000
__size_of_lcd_ozelkarakter  (abs)        0000
__size_of_lcd_saga_kaydir   (abs)        0000
__size_of_lcd_satirbasi     (abs)        0000
__size_of_lcd_sil           (abs)        0000
__size_of_lcd_sola_kaydir   (abs)        0000
__size_of_main              (abs)        0000
__stringbase                strings      0008
__stringdata                strings      0009
__stringtab                 strings      0003
_display_kursor_blink       bssBANK0     002F
_kalp                       dataBANK0    0020
_lcd_baslat                 text10       06CC
_lcd_git                    text9        0602
_lcd_harfyaz                text8        065E
_lcd_komut                  text11       0692
_lcd_mesajyaz               text7        05B5
_lcd_mesajyaz_cp            text6        0599
_lcd_mesgulmu               text12       05DB
_lcd_ozelkarakter           text4        062C
_lcd_saga_kaydir            text3        0571
_lcd_satirbasi              text5        056C
_lcd_sil                    text2        0576
_lcd_sola_kaydir            text1        057B
_main                       maintext     0719
btemp                       (abs)        007E
end_of_initialization       cinit        07FC
init_fetch0                 inittext     0588
init_ram0                   inittext     058C
intlevel0                   functab      0000
intlevel1                   functab      0000
intlevel2                   functab      0000
intlevel3                   functab      0000
intlevel4                   functab      0000
intlevel5                   functab      0000
lcd_git@satir               cstackCOMMON 0077
lcd_git@sutun               cstackCOMMON 0075
lcd_git@temp                cstackCOMMON 0078
lcd_harfyaz@harf            cstackCOMMON 0073
lcd_komut@komut             cstackCOMMON 0074
lcd_mesajyaz@mesaj          cstackCOMMON 007A
lcd_mesajyaz@satir          cstackCOMMON 007C
lcd_mesajyaz@sutun          cstackCOMMON 0079
lcd_mesajyaz_cp@mesaj       cstackCOMMON 0075
lcd_mesgulmu@temp           cstackCOMMON 0071
lcd_ozelkarakter@i          cstackCOMMON 007A
lcd_ozelkarakter@karakterno cstackCOMMON 0078
lcd_ozelkarakter@patern     cstackCOMMON 0075
lcd_ozelkarakter@temp       cstackCOMMON 0079
ltemp                       (abs)        007E
ltemp0                      (abs)        007E
ltemp1                      (abs)        0082
ltemp2                      (abs)        0086
ltemp3                      (abs)        0080
main@i                      cstackCOMMON 007D
reset_vec                   reset_vec    0000
stackhi                     (abs)        0000
stacklo                     (abs)        0000
start                       init         0000
start_initialization        cinit        07EF
ttemp                       (abs)        007E
ttemp0                      (abs)        007E
ttemp1                      (abs)        0081
ttemp2                      (abs)        0084
ttemp3                      (abs)        0087
ttemp4                      (abs)        007F
wtemp                       (abs)        007E
wtemp0                      (abs)        007E
wtemp1                      (abs)        0080
wtemp2                      (abs)        0082
wtemp3                      (abs)        0084
wtemp4                      (abs)        0086
wtemp5                      (abs)        0088
wtemp6                      (abs)        007F


FUNCTION INFORMATION:

 *************** function _main *****************
 Defined at:
		line 39 in file "main.c"
 Parameters:    Size  Location     Type
  argc            2    0[BANK0 ] int 
  argv            2    2[BANK0 ] PTR PTR unsigned char 
 Auto vars:     Size  Location     Type
  i               1   13[COMMON] unsigned char 
 Return value:  Size  Location     Type
		None               void
 Registers used:
		wreg, fsr0l, fsr0h, status,2, status,0, pclath, cstack
 Tracked objects:
		On entry : 
		On exit  : 
		Unchanged: 
 Data sizes:     COMMON   BANK0   BANK1   BANK3   BANK2
      Params:         0       4       0       0       0
      Locals:         1       0       0       0       0
      Temps:          0       3       0       0       0
      Totals:         1       7       0       0       0
Total ram usage:        8 bytes
 Hardware stack levels required when called:    4
 This function calls:
		_lcd_baslat
		_lcd_git
		_lcd_harfyaz
		_lcd_mesajyaz
		_lcd_mesajyaz_cp
		_lcd_ozelkarakter
		_lcd_saga_kaydir
		_lcd_sil
		_lcd_sola_kaydir
 This function is called by:
		Startup code after reset
 This function uses a non-reentrant model


 *************** function _lcd_sola_kaydir *****************
 Defined at:
		line 483 in file "xsLCD.c"
 Parameters:    Size  Location     Type
		None
 Auto vars:     Size  Location     Type
		None
 Return value:  Size  Location     Type
		None               void
 Registers used:
		wreg, status,2, status,0, pclath, cstack
 Tracked objects:
		On entry : 
		On exit  : 
		Unchanged: 
 Data sizes:     COMMON   BANK0   BANK1   BANK3   BANK2
      Params:         0       0       0       0       0
      Locals:         0       0       0       0       0
      Temps:          0       0       0       0       0
      Totals:         0       0       0       0       0
Total ram usage:        0 bytes
 Hardware stack levels used:    1
 Hardware stack levels required when called:    2
 This function calls:
		_lcd_komut
 This function is called by:
		_main
 This function uses a non-reentrant model


 *************** function _lcd_sil *****************
 Defined at:
		line 411 in file "xsLCD.c"
 Parameters:    Size  Location     Type
		None
 Auto vars:     Size  Location     Type
		None
 Return value:  Size  Location     Type
		None               void
 Registers used:
		wreg, status,2, status,0, pclath, cstack
 Tracked objects:
		On entry : 
		On exit  : 
		Unchanged: 
 Data sizes:     COMMON   BANK0   BANK1   BANK3   BANK2
      Params:         0       0       0       0       0
      Locals:         0       0       0       0       0
      Temps:          0       0       0       0       0
      Totals:         0       0       0       0       0
Total ram usage:        0 bytes
 Hardware stack levels used:    1
 Hardware stack levels required when called:    2
 This function calls:
		_lcd_komut
 This function is called by:
		_main
 This function uses a non-reentrant model


 *************** function _lcd_saga_kaydir *****************
 Defined at:
		line 491 in file "xsLCD.c"
 Parameters:    Size  Location     Type
		None
 Auto vars:     Size  Location     Type
		None
 Return value:  Size  Location     Type
		None               void
 Registers used:
		wreg, status,2, status,0, pclath, cstack
 Tracked objects:
		On entry : 
		On exit  : 
		Unchanged: 
 Data sizes:     COMMON   BANK0   BANK1   BANK3   BANK2
      Params:         0       0       0       0       0
      Locals:         0       0       0       0       0
      Temps:          0       0       0       0       0
      Totals:         0       0       0       0       0
Total ram usage:        0 bytes
 Hardware stack levels used:    1
 Hardware stack levels required when called:    2
 This function calls:
		_lcd_komut
 This function is called by:
		_main
 This function uses a non-reentrant model


 *************** function _lcd_ozelkarakter *****************
 Defined at:
		line 394 in file "xsLCD.c"
 Parameters:    Size  Location     Type
  karakterno      1    wreg     unsigned char 
  patern          1    5[COMMON] PTR unsigned char 
		 -> kalp(8), 
 Auto vars:     Size  Location     Type
  karakterno      1    8[COMMON] unsigned char 
  i               1   10[COMMON] unsigned char 
  temp            1    9[COMMON] unsigned char 
 Return value:  Size  Location     Type
		None               void
 Registers used:
		wreg, fsr0l, fsr0h, status,2, status,0, pclath, cstack
 Tracked objects:
		On entry : 
		On exit  : 
		Unchanged: 
 Data sizes:     COMMON   BANK0   BANK1   BANK3   BANK2
      Params:         1       0       0       0       0
      Locals:         3       0       0       0       0
      Temps:          2       0       0       0       0
      Totals:         6       0       0       0       0
Total ram usage:        6 bytes
 Hardware stack levels used:    1
 Hardware stack levels required when called:    3
 This function calls:
		_lcd_harfyaz
		_lcd_komut
		_lcd_satirbasi
 This function is called by:
		_main
 This function uses a non-reentrant model


 *************** function _lcd_satirbasi *****************
 Defined at:
		line 419 in file "xsLCD.c"
 Parameters:    Size  Location     Type
		None
 Auto vars:     Size  Location     Type
		None
 Return value:  Size  Location     Type
		None               void
 Registers used:
		wreg, status,2, status,0, pclath, cstack
 Tracked objects:
		On entry : 
		On exit  : 
		Unchanged: 
 Data sizes:     COMMON   BANK0   BANK1   BANK3   BANK2
      Params:         0       0       0       0       0
      Locals:         0       0       0       0       0
      Temps:          0       0       0       0       0
      Totals:         0       0       0       0       0
Total ram usage:        0 bytes
 Hardware stack levels used:    1
 Hardware stack levels required when called:    2
 This function calls:
		_lcd_komut
 This function is called by:
		_lcd_ozelkarakter
 This function uses a non-reentrant model


 *************** function _lcd_mesajyaz_cp *****************
 Defined at:
		line 135 in file "xsLCD.c"
 Parameters:    Size  Location     Type
  mesaj           1    wreg     PTR const unsigned char 
		 -> STR_4(11), 
 Auto vars:     Size  Location     Type
  mesaj           1    5[COMMON] PTR const unsigned char 
		 -> STR_4(11), 
 Return value:  Size  Location     Type
		None               void
 Registers used:
		wreg, fsr0l, fsr0h, status,2, status,0, pclath, cstack
 Tracked objects:
		On entry : 
		On exit  : 
		Unchanged: 
 Data sizes:     COMMON   BANK0   BANK1   BANK3   BANK2
      Params:         0       0       0       0       0
      Locals:         1       0       0       0       0
      Temps:          1       0       0       0       0
      Totals:         2       0       0       0       0
Total ram usage:        2 bytes
 Hardware stack levels used:    1
 Hardware stack levels required when called:    2
 This function calls:
		_lcd_harfyaz
 This function is called by:
		_main
 This function uses a non-reentrant model


 *************** function _lcd_mesajyaz *****************
 Defined at:
		line 122 in file "xsLCD.c"
 Parameters:    Size  Location     Type
  satir           1    wreg     unsigned char 
  sutun           1    9[COMMON] unsigned char 
  mesaj           1   10[COMMON] PTR const unsigned char 
		 -> STR_3(9), STR_2(9), STR_1(8), 
 Auto vars:     Size  Location     Type
  satir           1   12[COMMON] unsigned char 
 Return value:  Size  Location     Type
		None               void
 Registers used:
		wreg, fsr0l, fsr0h, status,2, status,0, pclath, cstack
 Tracked objects:
		On entry : 
		On exit  : 
		Unchanged: 
 Data sizes:     COMMON   BANK0   BANK1   BANK3   BANK2
      Params:         2       0       0       0       0
      Locals:         1       0       0       0       0
      Temps:          1       0       0       0       0
      Totals:         4       0       0       0       0
Total ram usage:        4 bytes
 Hardware stack levels used:    1
 Hardware stack levels required when called:    3
 This function calls:
		_lcd_git
		_lcd_harfyaz
 This function is called by:
		_main
 This function uses a non-reentrant model


 *************** function _lcd_harfyaz *****************
 Defined at:
		line 234 in file "xsLCD.c"
 Parameters:    Size  Location     Type
  harf            1    wreg     unsigned char 
 Auto vars:     Size  Location     Type
  harf            1    3[COMMON] unsigned char 
 Return value:  Size  Location     Type
		None               void
 Registers used:
		wreg, status,2, status,0, pclath, cstack
 Tracked objects:
		On entry : 
		On exit  : 
		Unchanged: 
 Data sizes:     COMMON   BANK0   BANK1   BANK3   BANK2
      Params:         0       0       0       0       0
      Locals:         1       0       0       0       0
      Temps:          1       0       0       0       0
      Totals:         2       0       0       0       0
Total ram usage:        2 bytes
 Hardware stack levels used:    1
 Hardware stack levels required when called:    1
 This function calls:
		_lcd_mesgulmu
 This function is called by:
		_main
		_lcd_mesajyaz
		_lcd_mesajyaz_cp
		_lcd_ozelkarakter
		_putch
 This function uses a non-reentrant model


 *************** function _lcd_git *****************
 Defined at:
		line 96 in file "xsLCD.c"
 Parameters:    Size  Location     Type
  satir           1    wreg     unsigned char 
  sutun           1    5[COMMON] unsigned char 
 Auto vars:     Size  Location     Type
  satir           1    7[COMMON] unsigned char 
  temp            1    8[COMMON] unsigned char 
 Return value:  Size  Location     Type
		None               void
 Registers used:
		wreg, fsr0l, fsr0h, status,2, status,0, pclath, cstack
 Tracked objects:
		On entry : 
		On exit  : 
		Unchanged: 
 Data sizes:     COMMON   BANK0   BANK1   BANK3   BANK2
      Params:         1       0       0       0       0
      Locals:         2       0       0       0       0
      Temps:          1       0       0       0       0
      Totals:         4       0       0       0       0
Total ram usage:        4 bytes
 Hardware stack levels used:    1
 Hardware stack levels required when called:    2
 This function calls:
		_lcd_komut
 This function is called by:
		_main
		_lcd_mesajyaz
 This function uses a non-reentrant model


 *************** function _lcd_baslat *****************
 Defined at:
		line 54 in file "xsLCD.c"
 Parameters:    Size  Location     Type
		None
 Auto vars:     Size  Location     Type
		None
 Return value:  Size  Location     Type
		None               void
 Registers used:
		wreg, status,2, status,0, pclath, cstack
 Tracked objects:
		On entry : 
		On exit  : 
		Unchanged: 
 Data sizes:     COMMON   BANK0   BANK1   BANK3   BANK2
      Params:         0       0       0       0       0
      Locals:         0       0       0       0       0
      Temps:          2       0       0       0       0
      Totals:         2       0       0       0       0
Total ram usage:        2 bytes
 Hardware stack levels used:    1
 Hardware stack levels required when called:    2
 This function calls:
		_lcd_komut
 This function is called by:
		_main
 This function uses a non-reentrant model


 *************** function _lcd_komut *****************
 Defined at:
		line 361 in file "xsLCD.c"
 Parameters:    Size  Location     Type
  komut           1    wreg     unsigned char 
 Auto vars:     Size  Location     Type
  komut           1    4[COMMON] unsigned char 
 Return value:  Size  Location     Type
		None               void
 Registers used:
		wreg, status,2, status,0, pclath, cstack
 Tracked objects:
		On entry : 
		On exit  : 
		Unchanged: 
 Data sizes:     COMMON   BANK0   BANK1   BANK3   BANK2
      Params:         0       0       0       0       0
      Locals:         1       0       0       0       0
      Temps:          2       0       0       0       0
      Totals:         3       0       0       0       0
Total ram usage:        3 bytes
 Hardware stack levels used:    1
 Hardware stack levels required when called:    1
 This function calls:
		_lcd_mesgulmu
 This function is called by:
		_lcd_baslat
		_lcd_git
		_lcd_ozelkarakter
		_lcd_sil
		_lcd_satirbasi
		_lcd_sola_kaydir
		_lcd_saga_kaydir
		_lcd_kursor_ac
		_lcd_kursor_kapat
		_lcd_display_ac
		_lcd_display_kapat
		_lcd_blink_ac
		_lcd_blink_kapat
		_lcd_satir1
		_lcd_satir2
		_lcd_satir3
		_lcd_satir4
 This function uses a non-reentrant model


 *************** function _lcd_mesgulmu *****************
 Defined at:
		line 169 in file "xsLCD.c"
 Parameters:    Size  Location     Type
		None
 Auto vars:     Size  Location     Type
  temp            1    1[COMMON] unsigned char 
  temp2           1    0        unsigned char 
 Return value:  Size  Location     Type
		None               void
 Registers used:
		wreg, status,2, status,0
 Tracked objects:
		On entry : 
		On exit  : 
		Unchanged: 
 Data sizes:     COMMON   BANK0   BANK1   BANK3   BANK2
      Params:         0       0       0       0       0
      Locals:         1       0       0       0       0
      Temps:          1       0       0       0       0
      Totals:         2       0       0       0       0
Total ram usage:        2 bytes
 Hardware stack levels used:    1
 This function calls:
		Nothing
 This function is called by:
		_lcd_harfyaz
		_lcd_komut
		_lcd_harfoku
 This function uses a non-reentrant model



MODULE INFORMATION

Module		Function		Class		Link	Load	Size
shared
		__stringtab    		STRING         	0003	0000	6
		__stringdata   		STRING         	0009	0000	28
		__initializatio		CODE           	07EF	0000	13

shared estimated size: 47

main.c
		_main          		CODE           	0719	0000	214

main.c estimated size: 214

xsLCD.c
		_lcd_mesajyaz_c		CODE           	0599	0000	28
		_lcd_sil       		CODE           	0576	0000	5
		_lcd_baslat    		CODE           	06CC	0000	77
		_lcd_komut     		CODE           	0692	0000	58
		_lcd_saga_kaydi		CODE           	0571	0000	5
		_lcd_git       		CODE           	0602	0000	42
		_lcd_mesgulmu  		CODE           	05DB	0000	39
		_lcd_mesajyaz  		CODE           	05B5	0000	38
		_lcd_harfyaz   		CODE           	065E	0000	52
		_lcd_ozelkarakt		CODE           	062C	0000	50
		_lcd_sola_kaydi		CODE           	057B	0000	5
		_lcd_satirbasi 		CODE           	056C	0000	5

xsLCD.c estimated size: 404

